// Jest Snapshot v1, https://goo.gl/fbAQLP

exports[`PokemonListItem Component should render properly 1`] = `
.c3 {
  image-rendering: pixelated;
}

.c0 {
  display: -webkit-box;
  display: -webkit-flex;
  display: -ms-flexbox;
  display: flex;
  border: 2px solid black;
  cursor: pointer;
  -webkit-align-items: center;
  -webkit-box-align: center;
  -ms-flex-align: center;
  align-items: center;
  background-color: #A5CD53;
  border-width: 3px;
  border-style: inset;
  border-color: #9aa28b;
  font-weight: 500;
  color: black;
  font-family: "VT323";
}

.c0.selected {
  font-weight: bold;
  background-color: #CBEE84;
}

.c0:hover {
  font-weight: bold;
}

.c1 {
  font-size: 22px;
  padding: 5px;
}

.c2 {
  display: -webkit-box;
  display: -webkit-flex;
  display: -ms-flexbox;
  display: flex;
  -webkit-align-items: center;
  -webkit-box-align: center;
  -ms-flex-align: center;
  align-items: center;
}

.c2.reduced {
  -webkit-box-pack: center;
  -webkit-justify-content: center;
  -ms-flex-pack: center;
  justify-content: center;
  width: 100%;
}

.c4 {
  font-size: 20px;
  text-align: center;
  text-transform: capitalize;
  margin-left: 10px;
}

@media (min-width:992px) {
  .c2.reduced {
    -webkit-flex-direction: column;
    -ms-flex-direction: column;
    flex-direction: column;
    width: 140px;
  }
}

<div>
  <li
    class="c0"
  >
    <p
      class="c1"
    >
       
      #1
    </p>
    <div
      class="c2"
    >
      <img
        class="c3"
        src="https://raw.githubusercontent.com/PokeAPI/sprites/master/sprites/pokemon/1.png"
      />
      <p
        class="c4"
      >
        bulbasaur
      </p>
    </div>
  </li>
</div>
`;
