// Jest Snapshot v1, https://goo.gl/fbAQLP

exports[`PokemonDescriptionDisplayer Component should render properly when loading is false 1`] = `
.c0 {
  border: 1px solid;
  background-color: #A5CD53;
  padding: 7px;
  border-radius: 3px;
  border: inset #9aa28b 3px;
}

.c0 .sc-AxirZ {
  margin: 7px;
}

.c1 {
  margin: 0px;
  overflow: scroll;
  height: 100%;
}

<div>
  <div
    class="c0"
  >
    <h4
      class="c1"
    >
      pokemon description test
    </h4>
  </div>
</div>
`;

exports[`PokemonDescriptionDisplayer Component should render properly when loading is true 1`] = `
.c4 {
  width: 4px;
  height: 4px;
  background-color: black;
  border-radius: 1px;
  margin: 0px 2px;
  list-style-type: none;
  -webkit-animation: fZpxSO 1s infinite ease-in-out both;
  -webkit-animation: fZpxSO 1s infinite ease-in-out both;
  animation: fZpxSO 1s infinite ease-in-out both;
}

.c2 {
  height: 100%;
  width: 100%;
  display: -webkit-box;
  display: -webkit-flex;
  display: -ms-flexbox;
  display: flex;
  -webkit-flex-direction: row;
  -ms-flex-direction: row;
  flex-direction: row;
  padding: 0px;
}

.c2 .c3:nth-child(1) {
  -webkit-animation-delay: -0.35s;
  animation-delay: -0.35s;
}

.c2 .c3:nth-child(2) {
  -webkit-animation-delay: -0.2s;
  animation-delay: -0.2s;
}

.c0 {
  border: 1px solid;
  background-color: #A5CD53;
  padding: 7px;
  border-radius: 3px;
  border: inset #9aa28b 3px;
}

.c0 .c1 {
  margin: 7px;
}

<div>
  <div
    class="c0"
  >
    <ul
      class="c1 c2"
    >
      <li
        class="c3 c4"
      />
      <li
        class="c3 c4"
      />
      <li
        class="c3 c4"
      />
    </ul>
  </div>
</div>
`;
